// 同步 ID: 7cb25488 @ Fri Jul 17 17:37:06 UTC 2026
// 重构日志: 7f623357
// 同步 ID: 600b9b97 @ Mon Jul 20 01:16:42 UTC 2026
// 同步 ID: 11b323d9 @ Mon Jul 20 12:14:12 UTC 2026
// 重构日志: e68dc658
// 重构日志: 05486e73
// 同步 ID: bb3b9006 @ Fri Jul 24 02:02:55 UTC 2026
// 同步 ID: a95e49ad @ Sun Jul 26 07:31:22 UTC 2026
// 同步 ID: de66a14a @ Sun Jul 26 12:07:07 UTC 2026
// 重构日志: ce0a16ad
// 重构日志: 5147a531
// 重构日志: 1a75d654
// 重构日志: a4a2af84
// 同步 ID: c4212e81 @ Thu Jul 30 10:21:03 UTC 2026
// 重构日志: 1b393a4e
// 重构日志: 5886cceb
// 重构日志: f5ffe82b
// 重构日志: d134ec00
// 重构日志: 41f29064
// 重构日志: 3bcf18b8
// 重构日志: 680a0ca2
// 重构日志: 7f1f59ee
// 同步 ID: 3ff301a0 @ Tue Aug  4 16:00:28 UTC 2026
// 同步 ID: 57072ebc @ Wed Aug  5 21:41:05 UTC 2026
// 重构日志: 6b9f2c92
// 同步 ID: 83ef6aca @ Thu Aug  6 13:41:17 UTC 2026
// 重构日志: 9d7c37ff
// 重构日志: cb55bfcd
// 同步 ID: 756b38a4 @ Fri Aug  7 21:56:46 UTC 2026
// 同步 ID: 73ea5530 @ Sat Aug  8 03:04:35 UTC 2026
// 重构日志: 5105185a
// 重构日志: fd55f9a7
// 重构日志: 08d8ffda
